// Jest Snapshot v1, https://goo.gl/fbAQLP

exports[`renders correctly 1`] = `
Array [
  <nav
    className="navbar navbar-expand navbar-light bg-light"
  >
    <div
      className="container"
    >
      <span
        className="navbar-brand"
      >
        Test Manager
      </span>
    </div>
  </nav>,
  <div
    className="container"
  >
    <div
      className="card"
    >
      <div
        className="p-3 container"
      >
        <div
          className="row"
        >
          <div
            className="col"
          >
            <button
              className="btn btn-primary"
              disabled={false}
              onClick={[Function]}
              type="button"
            >
              Create a new test
            </button>
          </div>
        </div>
      </div>
    </div>
    <div
      className="card"
    >
      <div
        className="container"
      >
        <h5>
          Tests
        </h5>
        <div
          className="p-3 container"
        >
          <div
            className="row"
          >
            <div
              className="container"
            />
          </div>
        </div>
      </div>
    </div>
  </div>,
]
`;
